[2026-08-03 08:17:10] local.ERROR: syntax error, unexpected token "<", expecting end of file {"exception":"[object] (ParseError(code: 0): syntax error, unexpected token \"<\", expecting end of file at D:/SEMESTER 6/KP PUSSIBERAD/KP_UNJANI_SI_2026/routes/web.php:21)
[stacktrace]
#0 D:/SEMESTER 6/KP PUSSIBERAD/KP_UNJANI_SI_2026/vendor/laravel/framework/src/Illuminate/Routing/Router.php(526): Illuminate/Routing/RouteFileRegistrar->register('D://SEMESTER 6//K...')
#1 D:/SEMESTER 6/KP PUSSIBERAD/KP_UNJANI_SI_2026/vendor/laravel/framework/src/Illuminate/Routing/Router.php(480): Illuminate/Routing/Router->loadRoutes('D://SEMESTER 6//K...')
#2 D:/SEMESTER 6/KP PUSSIBERAD/KP_UNJANI_SI_2026/vendor/laravel/framework/src/Illuminate/Routing/RouteRegistrar.php(212): Illuminate/Routing/Router->group(Array, 'D://SEMESTER 6//K...')
#3 D:/SEMESTER 6/KP PUSSIBERAD/KP_UNJANI_SI_2026/vendor/laravel/framework/src/Illuminate/Foundation/Configuration/ApplicationBuilder.php(248): Illuminate/Routing/RouteRegistrar->group('D://SEMESTER 6//K...')
#4 D:/SEMESTER 6/KP PUSSIBERAD/KP_UNJANI_SI_2026/vendor/laravel/framework/src/Illuminate/Container/BoundMethod.php(36): Illuminate/Foundation/Configuration/ApplicationBuilder->Illuminate/Foundation/Configuration/{closure}()
#5 D:/SEMESTER 6/KP PUSSIBERAD/KP_UNJANI_SI_2026/vendor/laravel/framework/src/Illuminate/Container/Util.php(43): Illuminate/Container/BoundMethod::Illuminate/Container/{closure}()
#6 D:/SEMESTER 6/KP PUSSIBERAD/KP_UNJANI_SI_2026/vendor/laravel/framework/src/Illuminate/Container/BoundMethod.php(84): Illuminate/Container/Util::unwrapIfClosure(Object(Closure))
#7 D:/SEMESTER 6/KP PUSSIBERAD/KP_UNJANI_SI_2026/vendor/laravel/framework/src/Illuminate/Container/BoundMethod.php(35): Illuminate/Container/BoundMethod::callBoundMethod(Object(Illuminate/Foundation/Application), Object(Closure), Object(Closure))
#8 D:/SEMESTER 6/KP PUSSIBERAD/KP_UNJANI_SI_2026/vendor/laravel/framework/src/Illuminate/Container/Container.php(799): Illuminate/Container/BoundMethod::call(Object(Illuminate/Foundation/Application), Object(Closure), Array, NULL)
#9 D:/SEMESTER 6/KP PUSSIBERAD/KP_UNJANI_SI_2026/vendor/laravel/framework/src/Illuminate/Foundation/Support/Providers/RouteServiceProvider.php(162): Illuminate/Container/Container->call(Object(Closure))
#10 D:/SEMESTER 6/KP PUSSIBERAD/KP_UNJANI_SI_2026/vendor/laravel/framework/src/Illuminate/Foundation/Support/Providers/RouteServiceProvider.php(59): Illuminate/Foundation/Support/Providers/RouteServiceProvider->loadRoutes()
#11 D:/SEMESTER 6/KP PUSSIBERAD/KP_UNJANI_SI_2026/vendor/laravel/framework/src/Illuminate/Container/BoundMethod.php(36): Illuminate/Foundation/Support/Providers/RouteServiceProvider->Illuminate/Foundation/Support/Providers/{closure}()
#12 D:/SEMESTER 6/KP PUSSIBERAD/KP_UNJANI_SI_2026/vendor/laravel/framework/src/Illuminate/Container/Util.php(43): Illuminate/Container/BoundMethod::Illuminate/Container/{closure}()
#13 D:/SEMESTER 6/KP PUSSIBERAD/KP_UNJANI_SI_2026/vendor/laravel/framework/src/Illuminate/Container/BoundMethod.php(84): Illuminate/Container/Util::unwrapIfClosure(Object(Closure))
#14 D:/SEMESTER 6/KP PUSSIBERAD/KP_UNJANI_SI_2026/vendor/laravel/framework/src/Illuminate/Container/BoundMethod.php(35): Illuminate/Container/BoundMethod::callBoundMethod(Object(Illuminate/Foundation/Application), Object(Closure), Object(Closure))
#15 D:/SEMESTER 6/KP PUSSIBERAD/KP_UNJANI_SI_2026/vendor/laravel/framework/src/Illuminate/Container/Container.php(799): Illuminate/Container/BoundMethod::call(Object(Illuminate/Foundation/Application), Object(Closure), Array, NULL)
#16 D:/SEMESTER 6/KP PUSSIBERAD/KP_UNJANI_SI_2026/vendor/laravel/framework/src/Illuminate/Support/ServiceProvider.php(150): Illuminate/Container/Container->call(Object(Closure))
#17 D:/SEMESTER 6/KP PUSSIBERAD/KP_UNJANI_SI_2026/vendor/laravel/framework/src/Illuminate/Foundation/Application.php(1154): Illuminate/Support/ServiceProvider->callBootedCallbacks()
#18 D:/SEMESTER 6/KP PUSSIBERAD/KP_UNJANI_SI_2026/vendor/laravel/framework/src/Illuminate/Foundation/Application.php(1132): Illuminate/Foundation/Application->bootProvider(Object(Illuminate/Foundation/Support/Providers/RouteServiceProvider))
#19 [internal function]: Illuminate/Foundation/Application->Illuminate/Foundation/{closure}(Object(Illuminate/Foundation/Support/Providers/RouteServiceProvider), 'Illuminate//Foun...')
#20 D:/SEMESTER 6/KP PUSSIBERAD/KP_UNJANI_SI_2026/vendor/laravel/framework/src/Illuminate/Foundation/Application.php(1131): array_walk(Array, Object(Closure))
#21 D:/SEMESTER 6/KP PUSSIBERAD/KP_UNJANI_SI_2026/vendor/laravel/framework/src/Illuminate/Foundation/Bootstrap/BootProviders.php(17): Illuminate/Foundation/Application->boot()
#22 D:/SEMESTER 6/KP PUSSIBERAD/KP_UNJANI_SI_2026/vendor/laravel/framework/src/Illuminate/Foundation/Application.php(342): Illuminate/Foundation/Bootstrap/BootProviders->bootstrap(Object(Illuminate/Foundation/Application))
#23 D:/SEMESTER 6/KP PUSSIBERAD/KP_UNJANI_SI_2026/vendor/laravel/framework/src/Illuminate/Foundation/Http/Kernel.php(186): Illuminate/Foundation/Application->bootstrapWith(Array)
#24 D:/SEMESTER 6/KP PUSSIBERAD/KP_UNJANI_SI_2026/vendor/laravel/framework/src/Illuminate/Foundation/Http/Kernel.php(170): Illuminate/Foundation/Http/Kernel->bootstrap()
#25 D:/SEMESTER 6/KP PUSSIBERAD/KP_UNJANI_SI_2026/vendor/laravel/framework/src/Illuminate/Foundation/Http/Kernel.php(144): Illuminate/Foundation/Http/Kernel->sendRequestThroughRouter(Object(Illuminate/Http/Request))
#26 D:/SEMESTER 6/KP PUSSIBERAD/KP_UNJANI_SI_2026/vendor/laravel/framework/src/Illuminate/Foundation/Application.php(1220): Illuminate/Foundation/Http/Kernel->handle(Object(Illuminate/Http/Request))
#27 D:/SEMESTER 6/KP PUSSIBERAD/KP_UNJANI_SI_2026/public/index.php(20): Illuminate/Foundation/Application->handleRequest(Object(Illuminate/Http/Request))
#28 D:/SEMESTER 6/KP PUSSIBERAD/KP_UNJANI_SI_2026/vendor/laravel/framework/src/Illuminate/Foundation/resources/server.php(23): require_once('D://SEMESTER 6//K...')
#29 {main}
"} 
[2026-08-03 09:09:35] local.ERROR: View [siberad.dashboards.partials.profile-menu] not found. (View: D:\SEMESTER 6\KP PUSSIBERAD\KP_UNJANI_SI_2026\resources\views\siberad\dashboards\danpus.blade.php) {"userId":21,"exception":"[object] (Illuminate\\View\\ViewException(code: 0): View [siberad.dashboards.partials.profile-menu] not found. (View: D:\\SEMESTER 6\\KP PUSSIBERAD\\KP_UNJANI_SI_2026\\resources\\views\\siberad\\dashboards\\danpus.blade.php) at D:/SEMESTER 6/KP PUSSIBERAD/KP_UNJANI_SI_2026/vendor/laravel/framework/src/Illuminate/View/FileViewFinder.php:138)
[stacktrace]
#0 D:/SEMESTER 6/KP PUSSIBERAD/KP_UNJANI_SI_2026/vendor/laravel/framework/src/Illuminate/View/Engines/PhpEngine.php(59): Illuminate/View/Engines/CompilerEngine->handleViewException(Object(InvalidArgumentException), 1)
#1 D:/SEMESTER 6/KP PUSSIBERAD/KP_UNJANI_SI_2026/vendor/laravel/framework/src/Illuminate/View/Engines/CompilerEngine.php(76): Illuminate/View/Engines/PhpEngine->evaluatePath('D://SEMESTER 6//K...', Array)
#2 D:/SEMESTER 6/KP PUSSIBERAD/KP_UNJANI_SI_2026/vendor/laravel/framework/src/Illuminate/View/View.php(208): Illuminate/View/Engines/CompilerEngine->get('D://SEMESTER 6//K...', Array)
#3 D:/SEMESTER 6/KP PUSSIBERAD/KP_UNJANI_SI_2026/vendor/laravel/framework/src/Illuminate/View/View.php(191): Illuminate/View/View->getContents()
#4 D:/SEMESTER 6/KP PUSSIBERAD/KP_UNJANI_SI_2026/vendor/laravel/framework/src/Illuminate/View/View.php(160): Illuminate/View/View->renderContents()
#5 D:/SEMESTER 6/KP PUSSIBERAD/KP_UNJANI_SI_2026/vendor/laravel/framework/src/Illuminate/Http/Response.php(78): Illuminate/View/View->render()
#6 D:/SEMESTER 6/KP PUSSIBERAD/KP_UNJANI_SI_2026/vendor/laravel/framework/src/Illuminate/Http/Response.php(34): Illuminate/Http/Response->setContent(Object(Illuminate/View/View))
#7 D:/SEMESTER 6/KP PUSSIBERAD/KP_UNJANI_SI_2026/vendor/laravel/framework/src/Illuminate/Routing/Router.php(939): Illuminate/Http/Response->__construct(Object(Illuminate/View/View), 200, Array)
#8 D:/SEMESTER 6/KP PUSSIBERAD/KP_UNJANI_SI_2026/vendor/laravel/framework/src/Illuminate/Routing/Router.php(906): Illuminate/Routing/Router::toResponse(Object(Illuminate/Http/Request), Object(Illuminate/View/View))
#9 D:/SEMESTER 6/KP PUSSIBERAD/KP_UNJANI_SI_2026/vendor/laravel/framework/src/Illuminate/Routing/Router.php(821): Illuminate/Routing/Router->prepareResponse(Object(Illuminate/Http/Request), Object(Illuminate/View/View))
#10 D:/SEMESTER 6/KP PUSSIBERAD/KP_UNJANI_SI_2026/vendor/laravel/framework/src/Illuminate/Pipeline/Pipeline.php(180): Illuminate/Routing/Router->Illuminate/Routing/{closure}(Object(Illuminate/Http/Request))
#11 D:/SEMESTER 6/KP PUSSIBERAD/KP_UNJANI_SI_2026/vendor/laravel/framework/src/Illuminate/Routing/Middleware/SubstituteBindings.php(50): Illuminate/Pipeline/Pipeline->Illuminate/Pipeline/{closure}(Object(Illuminate/Http/Request))
#12 D:/SEMESTER 6/KP PUSSIBERAD/KP_UNJANI_SI_2026/vendor/laravel/framework/src/Illuminate/Pipeline/Pipeline.php(219): Illuminate/Routing/Middleware/SubstituteBindings->handle(Object(Illuminate/Http/Request), Object(Closure))
#13 D:/SEMESTER 6/KP PUSSIBERAD/KP_UNJANI_SI_2026/vendor/laravel/framework/src/Illuminate/Auth/Middleware/Authenticate.php(63): Illuminate/Pipeline/Pipeline->Illuminate/Pipeline/{closure}(Object(Illuminate/Http/Request))
#14 D:/SEMESTER 6/KP PUSSIBERAD/KP_UNJANI_SI_2026/vendor/laravel/framework/src/Illuminate/Pipeline/Pipeline.php(219): Illuminate/Auth/Middleware/Authenticate->handle(Object(Illuminate/Http/Request), Object(Closure))
#15 D:/SEMESTER 6/KP PUSSIBERAD/KP_UNJANI_SI_2026/vendor/laravel/framework/src/Illuminate/Foundation/Http/Middleware/VerifyCsrfToken.php(87): Illuminate/Pipeline/Pipeline->Illuminate/Pipeline/{closure}(Object(Illuminate/Http/Request))
#16 D:/SEMESTER 6/KP PUSSIBERAD/KP_UNJANI_SI_2026/vendor/laravel/framework/src/Illuminate/Pipeline/Pipeline.php(219): Illuminate/Foundation/Http/Middleware/VerifyCsrfToken->handle(Object(Illuminate/Http/Request), Object(Closure))
#17 D:/SEMESTER 6/KP PUSSIBERAD/KP_UNJANI_SI_2026/vendor/laravel/framework/src/Illuminate/View/Middleware/ShareErrorsFromSession.php(48): Illuminate/Pipeline/Pipeline->Illuminate/Pipeline/{closure}(Object(Illuminate/Http/Request))
#18 D:/SEMESTER 6/KP PUSSIBERAD/KP_UNJANI_SI_2026/vendor/laravel/framework/src/Illuminate/Pipeline/Pipeline.php(219): Illuminate/View/Middleware/ShareErrorsFromSession->handle(Object(Illuminate/Http/Request), Object(Closure))
#19 D:/SEMESTER 6/KP PUSSIBERAD/KP_UNJANI_SI_2026/vendor/laravel/framework/src/Illuminate/Session/Middleware/StartSession.php(120): Illuminate/Pipeline/Pipeline->Illuminate/Pipeline/{closure}(Object(Illuminate/Http/Request))
#20 D:/SEMESTER 6/KP PUSSIBERAD/KP_UNJANI_SI_2026/vendor/laravel/framework/src/Illuminate/Session/Middleware/StartSession.php(63): Illuminate/Session/Middleware/StartSession->handleStatefulRequest(Object(Illuminate/Http/Request), Object(Illuminate/Session/Store), Object(Closure))
#21 D:/SEMESTER 6/KP PUSSIBERAD/KP_UNJANI_SI_2026/vendor/laravel/framework/src/Illuminate/Pipeline/Pipeline.php(219): Illuminate/Session/Middleware/StartSession->handle(Object(Illuminate/Http/Request), Object(Closure))
#22 D:/SEMESTER 6/KP PUSSIBERAD/KP_UNJANI_SI_2026/vendor/laravel/framework/src/Illuminate/Cookie/Middleware/AddQueuedCookiesToResponse.php(36): Illuminate/Pipeline/Pipeline->Illuminate/Pipeline/{closure}(Object(Illuminate/Http/Request))
#23 D:/SEMESTER 6/KP PUSSIBERAD/KP_UNJANI_SI_2026/vendor/laravel/framework/src/Illuminate/Pipeline/Pipeline.php(219): Illuminate/Cookie/Middleware/AddQueuedCookiesToResponse->handle(Object(Illuminate/Http/Request), Object(Closure))
#24 D:/SEMESTER 6/KP PUSSIBERAD/KP_UNJANI_SI_2026/vendor/laravel/framework/src/Illuminate/Cookie/Middleware/EncryptCookies.php(74): Illuminate/Pipeline/Pipeline->Illuminate/Pipeline/{closure}(Object(Illuminate/Http/Request))
#25 D:/SEMESTER 6/KP PUSSIBERAD/KP_UNJANI_SI_2026/vendor/laravel/framework/src/Illuminate/Pipeline/Pipeline.php(219): Illuminate/Cookie/Middleware/EncryptCookies->handle(Object(Illuminate/Http/Request), Object(Closure))
#26 D:/SEMESTER 6/KP PUSSIBERAD/KP_UNJANI_SI_2026/vendor/laravel/framework/src/Illuminate/Pipeline/Pipeline.php(137): Illuminate/Pipeline/Pipeline->Illuminate/Pipeline/{closure}(Object(Illuminate/Http/Request))
#27 D:/SEMESTER 6/KP PUSSIBERAD/KP_UNJANI_SI_2026/vendor/laravel/framework/src/Illuminate/Routing/Router.php(821): Illuminate/Pipeline/Pipeline->then(Object(Closure))
#28 D:/SEMESTER 6/KP PUSSIBERAD/KP_UNJANI_SI_2026/vendor/laravel/framework/src/Illuminate/Routing/Router.php(800): Illuminate/Routing/Router->runRouteWithinStack(Object(Illuminate/Routing/Route), Object(Illuminate/Http/Request))
#29 D:/SEMESTER 6/KP PUSSIBERAD/KP_UNJANI_SI_2026/vendor/laravel/framework/src/Illuminate/Routing/Router.php(764): Illuminate/Routing/Router->runRoute(Object(Illuminate/Http/Request), Object(Illuminate/Routing/Route))
#30 D:/SEMESTER 6/KP PUSSIBERAD/KP_UNJANI_SI_2026/vendor/laravel/framework/src/Illuminate/Routing/Router.php(753): Illuminate/Routing/Router->dispatchToRoute(Object(Illuminate/Http/Request))
#31 D:/SEMESTER 6/KP PUSSIBERAD/KP_UNJANI_SI_2026/vendor/laravel/framework/src/Illuminate/Foundation/Http/Kernel.php(200): Illuminate/Routing/Router->dispatch(Object(Illuminate/Http/Request))
#32 D:/SEMESTER 6/KP PUSSIBERAD/KP_UNJANI_SI_2026/vendor/laravel/framework/src/Illuminate/Pipeline/Pipeline.php(180): Illuminate/Foundation/Http/Kernel->Illuminate/Foundation/Http/{closure}(Object(Illuminate/Http/Request))
#33 D:/SEMESTER 6/KP PUSSIBERAD/KP_UNJANI_SI_2026/vendor/laravel/framework/src/Illuminate/Foundation/Http/Middleware/TransformsRequest.php(21): Illuminate/Pipeline/Pipeline->Illuminate/Pipeline/{closure}(Object(Illuminate/Http/Request))
#34 D:/SEMESTER 6/KP PUSSIBERAD/KP_UNJANI_SI_2026/vendor/laravel/framework/src/Illuminate/Foundation/Http/Middleware/ConvertEmptyStringsToNull.php(31): Illuminate/Foundation/Http/Middleware/TransformsRequest->handle(Object(Illuminate/Http/Request), Object(Closure))
#35 D:/SEMESTER 6/KP PUSSIBERAD/KP_UNJANI_SI_2026/vendor/laravel/framework/src/Illuminate/Pipeline/Pipeline.php(219): Illuminate/Foundation/Http/Middleware/ConvertEmptyStringsToNull->handle(Object(Illuminate/Http/Request), Object(Closure))
#36 D:/SEMESTER 6/KP PUSSIBERAD/KP_UNJANI_SI_2026/vendor/laravel/framework/src/Illuminate/Foundation/Http/Middleware/TransformsRequest.php(21): Illuminate/Pipeline/Pipeline->Illuminate/Pipeline/{closure}(Object(Illuminate/Http/Request))
#37 D:/SEMESTER 6/KP PUSSIBERAD/KP_UNJANI_SI_2026/vendor/laravel/framework/src/Illuminate/Foundation/Http/Middleware/TrimStrings.php(51): Illuminate/Foundation/Http/Middleware/TransformsRequest->handle(Object(Illuminate/Http/Request), Object(Closure))
#38 D:/SEMESTER 6/KP PUSSIBERAD/KP_UNJANI_SI_2026/vendor/laravel/framework/src/Illuminate/Pipeline/Pipeline.php(219): Illuminate/Foundation/Http/Middleware/TrimStrings->handle(Object(Illuminate/Http/Request), Object(Closure))
#39 D:/SEMESTER 6/KP PUSSIBERAD/KP_UNJANI_SI_2026/vendor/laravel/framework/src/Illuminate/Http/Middleware/ValidatePostSize.php(27): Illuminate/Pipeline/Pipeline->Illuminate/Pipeline/{closure}(Object(Illuminate/Http/Request))
#40 D:/SEMESTER 6/KP PUSSIBERAD/KP_UNJANI_SI_2026/vendor/laravel/framework/src/Illuminate/Pipeline/Pipeline.php(219): Illuminate/Http/Middleware/ValidatePostSize->handle(Object(Illuminate/Http/Request), Object(Closure))
#41 D:/SEMESTER 6/KP PUSSIBERAD/KP_UNJANI_SI_2026/vendor/laravel/framework/src/Illuminate/Foundation/Http/Middleware/PreventRequestsDuringMaintenance.php(109): Illuminate/Pipeline/Pipeline->Illuminate/Pipeline/{closure}(Object(Illuminate/Http/Request))
#42 D:/SEMESTER 6/KP PUSSIBERAD/KP_UNJANI_SI_2026/vendor/laravel/framework/src/Illuminate/Pipeline/Pipeline.php(219): Illuminate/Foundation/Http/Middleware/PreventRequestsDuringMaintenance->handle(Object(Illuminate/Http/Request), Object(Closure))
#43 D:/SEMESTER 6/KP PUSSIBERAD/KP_UNJANI_SI_2026/vendor/laravel/framework/src/Illuminate/Http/Middleware/HandleCors.php(61): Illuminate/Pipeline/Pipeline->Illuminate/Pipeline/{closure}(Object(Illuminate/Http/Request))
#44 D:/SEMESTER 6/KP PUSSIBERAD/KP_UNJANI_SI_2026/vendor/laravel/framework/src/Illuminate/Pipeline/Pipeline.php(219): Illuminate/Http/Middleware/HandleCors->handle(Object(Illuminate/Http/Request), Object(Closure))
#45 D:/SEMESTER 6/KP PUSSIBERAD/KP_UNJANI_SI_2026/vendor/laravel/framework/src/Illuminate/Http/Middleware/TrustProxies.php(58): Illuminate/Pipeline/Pipeline->Illuminate/Pipeline/{closure}(Object(Illuminate/Http/Request))
#46 D:/SEMESTER 6/KP PUSSIBERAD/KP_UNJANI_SI_2026/vendor/laravel/framework/src/Illuminate/Pipeline/Pipeline.php(219): Illuminate/Http/Middleware/TrustProxies->handle(Object(Illuminate/Http/Request), Object(Closure))
#47 D:/SEMESTER 6/KP PUSSIBERAD/KP_UNJANI_SI_2026/vendor/laravel/framework/src/Illuminate/Foundation/Http/Middleware/InvokeDeferredCallbacks.php(22): Illuminate/Pipeline/Pipeline->Illuminate/Pipeline/{closure}(Object(Illuminate/Http/Request))
#48 D:/SEMESTER 6/KP PUSSIBERAD/KP_UNJANI_SI_2026/vendor/laravel/framework/src/Illuminate/Pipeline/Pipeline.php(219): Illuminate/Foundation/Http/Middleware/InvokeDeferredCallbacks->handle(Object(Illuminate/Http/Request), Object(Closure))
#49 D:/SEMESTER 6/KP PUSSIBERAD/KP_UNJANI_SI_2026/vendor/laravel/framework/src/Illuminate/Http/Middleware/ValidatePathEncoding.php(26): Illuminate/Pipeline/Pipeline->Illuminate/Pipeline/{closure}(Object(Illuminate/Http/Request))
#50 D:/SEMESTER 6/KP PUSSIBERAD/KP_UNJANI_SI_2026/vendor/laravel/framework/src/Illuminate/Pipeline/Pipeline.php(219): Illuminate/Http/Middleware/ValidatePathEncoding->handle(Object(Illuminate/Http/Request), Object(Closure))
#51 D:/SEMESTER 6/KP PUSSIBERAD/KP_UNJANI_SI_2026/vendor/laravel/framework/src/Illuminate/Pipeline/Pipeline.php(137): Illuminate/Pipeline/Pipeline->Illuminate/Pipeline/{closure}(Object(Illuminate/Http/Request))
#52 D:/SEMESTER 6/KP PUSSIBERAD/KP_UNJANI_SI_2026/vendor/laravel/framework/src/Illuminate/Foundation/Http/Kernel.php(175): Illuminate/Pipeline/Pipeline->then(Object(Closure))
#53 D:/SEMESTER 6/KP PUSSIBERAD/KP_UNJANI_SI_2026/vendor/laravel/framework/src/Illuminate/Foundation/Http/Kernel.php(144): Illuminate/Foundation/Http/Kernel->sendRequestThroughRouter(Object(Illuminate/Http/Request))
#54 D:/SEMESTER 6/KP PUSSIBERAD/KP_UNJANI_SI_2026/vendor/laravel/framework/src/Illuminate/Foundation/Application.php(1220): Illuminate/Foundation/Http/Kernel->handle(Object(Illuminate/Http/Request))
#55 D:/SEMESTER 6/KP PUSSIBERAD/KP_UNJANI_SI_2026/public/index.php(20): Illuminate/Foundation/Application->handleRequest(Object(Illuminate/Http/Request))
#56 D:/SEMESTER 6/KP PUSSIBERAD/KP_UNJANI_SI_2026/vendor/laravel/framework/src/Illuminate/Foundation/resources/server.php(23): require_once('D://SEMESTER 6//K...')
#57 {main}

[previous exception] [object] (InvalidArgumentException(code: 0): View [siberad.dashboards.partials.profile-menu] not found. at D:/SEMESTER 6/KP PUSSIBERAD/KP_UNJANI_SI_2026/vendor/laravel/framework/src/Illuminate/View/FileViewFinder.php:138)
[stacktrace]
#0 D:/SEMESTER 6/KP PUSSIBERAD/KP_UNJANI_SI_2026/vendor/laravel/framework/src/Illuminate/View/FileViewFinder.php(78): Illuminate/View/FileViewFinder->findInPaths('siberad.dashboa...', Array)
#1 D:/SEMESTER 6/KP PUSSIBERAD/KP_UNJANI_SI_2026/vendor/laravel/framework/src/Illuminate/View/Factory.php(150): Illuminate/View/FileViewFinder->find('siberad.dashboa...')
#2 D:/SEMESTER 6/KP PUSSIBERAD/KP_UNJANI_SI_2026/storage/framework/views/656ff8b785063acdcbf341b7101bf84d.php(51): Illuminate/View/Factory->make('siberad.dashboa...', Array)
#3 D:/SEMESTER 6/KP PUSSIBERAD/KP_UNJANI_SI_2026/vendor/laravel/framework/src/Illuminate/Filesystem/Filesystem.php(123): require('D://SEMESTER 6//K...')
#4 D:/SEMESTER 6/KP PUSSIBERAD/KP_UNJANI_SI_2026/vendor/laravel/framework/src/Illuminate/Filesystem/Filesystem.php(124): Illuminate/Filesystem/Filesystem::Illuminate/Filesystem/{closure}()
#5 D:/SEMESTER 6/KP PUSSIBERAD/KP_UNJANI_SI_2026/vendor/laravel/framework/src/Illuminate/View/Engines/PhpEngine.php(57): Illuminate/Filesystem/Filesystem->getRequire('D://SEMESTER 6//K...', Array)
#6 D:/SEMESTER 6/KP PUSSIBERAD/KP_UNJANI_SI_2026/vendor/laravel/framework/src/Illuminate/View/Engines/CompilerEngine.php(76): Illuminate/View/Engines/PhpEngine->evaluatePath('D://SEMESTER 6//K...', Array)
#7 D:/SEMESTER 6/KP PUSSIBERAD/KP_UNJANI_SI_2026/vendor/laravel/framework/src/Illuminate/View/View.php(208): Illuminate/View/Engines/CompilerEngine->get('D://SEMESTER 6//K...', Array)
#8 D:/SEMESTER 6/KP PUSSIBERAD/KP_UNJANI_SI_2026/vendor/laravel/framework/src/Illuminate/View/View.php(191): Illuminate/View/View->getContents()
#9 D:/SEMESTER 6/KP PUSSIBERAD/KP_UNJANI_SI_2026/vendor/laravel/framework/src/Illuminate/View/View.php(160): Illuminate/View/View->renderContents()
#10 D:/SEMESTER 6/KP PUSSIBERAD/KP_UNJANI_SI_2026/vendor/laravel/framework/src/Illuminate/Http/Response.php(78): Illuminate/View/View->render()
#11 D:/SEMESTER 6/KP PUSSIBERAD/KP_UNJANI_SI_2026/vendor/laravel/framework/src/Illuminate/Http/Response.php(34): Illuminate/Http/Response->setContent(Object(Illuminate/View/View))
#12 D:/SEMESTER 6/KP PUSSIBERAD/KP_UNJANI_SI_2026/vendor/laravel/framework/src/Illuminate/Routing/Router.php(939): Illuminate/Http/Response->__construct(Object(Illuminate/View/View), 200, Array)
#13 D:/SEMESTER 6/KP PUSSIBERAD/KP_UNJANI_SI_2026/vendor/laravel/framework/src/Illuminate/Routing/Router.php(906): Illuminate/Routing/Router::toResponse(Object(Illuminate/Http/Request), Object(Illuminate/View/View))
#14 D:/SEMESTER 6/KP PUSSIBERAD/KP_UNJANI_SI_2026/vendor/laravel/framework/src/Illuminate/Routing/Router.php(821): Illuminate/Routing/Router->prepareResponse(Object(Illuminate/Http/Request), Object(Illuminate/View/View))
#15 D:/SEMESTER 6/KP PUSSIBERAD/KP_UNJANI_SI_2026/vendor/laravel/framework/src/Illuminate/Pipeline/Pipeline.php(180): Illuminate/Routing/Router->Illuminate/Routing/{closure}(Object(Illuminate/Http/Request))
#16 D:/SEMESTER 6/KP PUSSIBERAD/KP_UNJANI_SI_2026/vendor/laravel/framework/src/Illuminate/Routing/Middleware/SubstituteBindings.php(50): Illuminate/Pipeline/Pipeline->Illuminate/Pipeline/{closure}(Object(Illuminate/Http/Request))
#17 D:/SEMESTER 6/KP PUSSIBERAD/KP_UNJANI_SI_2026/vendor/laravel/framework/src/Illuminate/Pipeline/Pipeline.php(219): Illuminate/Routing/Middleware/SubstituteBindings->handle(Object(Illuminate/Http/Request), Object(Closure))
#18 D:/SEMESTER 6/KP PUSSIBERAD/KP_UNJANI_SI_2026/vendor/laravel/framework/src/Illuminate/Auth/Middleware/Authenticate.php(63): Illuminate/Pipeline/Pipeline->Illuminate/Pipeline/{closure}(Object(Illuminate/Http/Request))
#19 D:/SEMESTER 6/KP PUSSIBERAD/KP_UNJANI_SI_2026/vendor/laravel/framework/src/Illuminate/Pipeline/Pipeline.php(219): Illuminate/Auth/Middleware/Authenticate->handle(Object(Illuminate/Http/Request), Object(Closure))
#20 D:/SEMESTER 6/KP PUSSIBERAD/KP_UNJANI_SI_2026/vendor/laravel/framework/src/Illuminate/Foundation/Http/Middleware/VerifyCsrfToken.php(87): Illuminate/Pipeline/Pipeline->Illuminate/Pipeline/{closure}(Object(Illuminate/Http/Request))
#21 D:/SEMESTER 6/KP PUSSIBERAD/KP_UNJANI_SI_2026/vendor/laravel/framework/src/Illuminate/Pipeline/Pipeline.php(219): Illuminate/Foundation/Http/Middleware/VerifyCsrfToken->handle(Object(Illuminate/Http/Request), Object(Closure))
#22 D:/SEMESTER 6/KP PUSSIBERAD/KP_UNJANI_SI_2026/vendor/laravel/framework/src/Illuminate/View/Middleware/ShareErrorsFromSession.php(48): Illuminate/Pipeline/Pipeline->Illuminate/Pipeline/{closure}(Object(Illuminate/Http/Request))
#23 D:/SEMESTER 6/KP PUSSIBERAD/KP_UNJANI_SI_2026/vendor/laravel/framework/src/Illuminate/Pipeline/Pipeline.php(219): Illuminate/View/Middleware/ShareErrorsFromSession->handle(Object(Illuminate/Http/Request), Object(Closure))
#24 D:/SEMESTER 6/KP PUSSIBERAD/KP_UNJANI_SI_2026/vendor/laravel/framework/src/Illuminate/Session/Middleware/StartSession.php(120): Illuminate/Pipeline/Pipeline->Illuminate/Pipeline/{closure}(Object(Illuminate/Http/Request))
#25 D:/SEMESTER 6/KP PUSSIBERAD/KP_UNJANI_SI_2026/vendor/laravel/framework/src/Illuminate/Session/Middleware/StartSession.php(63): Illuminate/Session/Middleware/StartSession->handleStatefulRequest(Object(Illuminate/Http/Request), Object(Illuminate/Session/Store), Object(Closure))
#26 D:/SEMESTER 6/KP PUSSIBERAD/KP_UNJANI_SI_2026/vendor/laravel/framework/src/Illuminate/Pipeline/Pipeline.php(219): Illuminate/Session/Middleware/StartSession->handle(Object(Illuminate/Http/Request), Object(Closure))
#27 D:/SEMESTER 6/KP PUSSIBERAD/KP_UNJANI_SI_2026/vendor/laravel/framework/src/Illuminate/Cookie/Middleware/AddQueuedCookiesToResponse.php(36): Illuminate/Pipeline/Pipeline->Illuminate/Pipeline/{closure}(Object(Illuminate/Http/Request))
#28 D:/SEMESTER 6/KP PUSSIBERAD/KP_UNJANI_SI_2026/vendor/laravel/framework/src/Illuminate/Pipeline/Pipeline.php(219): Illuminate/Cookie/Middleware/AddQueuedCookiesToResponse->handle(Object(Illuminate/Http/Request), Object(Closure))
#29 D:/SEMESTER 6/KP PUSSIBERAD/KP_UNJANI_SI_2026/vendor/laravel/framework/src/Illuminate/Cookie/Middleware/EncryptCookies.php(74): Illuminate/Pipeline/Pipeline->Illuminate/Pipeline/{closure}(Object(Illuminate/Http/Request))
#30 D:/SEMESTER 6/KP PUSSIBERAD/KP_UNJANI_SI_2026/vendor/laravel/framework/src/Illuminate/Pipeline/Pipeline.php(219): Illuminate/Cookie/Middleware/EncryptCookies->handle(Object(Illuminate/Http/Request), Object(Closure))
#31 D:/SEMESTER 6/KP PUSSIBERAD/KP_UNJANI_SI_2026/vendor/laravel/framework/src/Illuminate/Pipeline/Pipeline.php(137): Illuminate/Pipeline/Pipeline->Illuminate/Pipeline/{closure}(Object(Illuminate/Http/Request))
#32 D:/SEMESTER 6/KP PUSSIBERAD/KP_UNJANI_SI_2026/vendor/laravel/framework/src/Illuminate/Routing/Router.php(821): Illuminate/Pipeline/Pipeline->then(Object(Closure))
#33 D:/SEMESTER 6/KP PUSSIBERAD/KP_UNJANI_SI_2026/vendor/laravel/framework/src/Illuminate/Routing/Router.php(800): Illuminate/Routing/Router->runRouteWithinStack(Object(Illuminate/Routing/Route), Object(Illuminate/Http/Request))
#34 D:/SEMESTER 6/KP PUSSIBERAD/KP_UNJANI_SI_2026/vendor/laravel/framework/src/Illuminate/Routing/Router.php(764): Illuminate/Routing/Router->runRoute(Object(Illuminate/Http/Request), Object(Illuminate/Routing/Route))
#35 D:/SEMESTER 6/KP PUSSIBERAD/KP_UNJANI_SI_2026/vendor/laravel/framework/src/Illuminate/Routing/Router.php(753): Illuminate/Routing/Router->dispatchToRoute(Object(Illuminate/Http/Request))
#36 D:/SEMESTER 6/KP PUSSIBERAD/KP_UNJANI_SI_2026/vendor/laravel/framework/src/Illuminate/Foundation/Http/Kernel.php(200): Illuminate/Routing/Router->dispatch(Object(Illuminate/Http/Request))
#37 D:/SEMESTER 6/KP PUSSIBERAD/KP_UNJANI_SI_2026/vendor/laravel/framework/src/Illuminate/Pipeline/Pipeline.php(180): Illuminate/Foundation/Http/Kernel->Illuminate/Foundation/Http/{closure}(Object(Illuminate/Http/Request))
#38 D:/SEMESTER 6/KP PUSSIBERAD/KP_UNJANI_SI_2026/vendor/laravel/framework/src/Illuminate/Foundation/Http/Middleware/TransformsRequest.php(21): Illuminate/Pipeline/Pipeline->Illuminate/Pipeline/{closure}(Object(Illuminate/Http/Request))
#39 D:/SEMESTER 6/KP PUSSIBERAD/KP_UNJANI_SI_2026/vendor/laravel/framework/src/Illuminate/Foundation/Http/Middleware/ConvertEmptyStringsToNull.php(31): Illuminate/Foundation/Http/Middleware/TransformsRequest->handle(Object(Illuminate/Http/Request), Object(Closure))
#40 D:/SEMESTER 6/KP PUSSIBERAD/KP_UNJANI_SI_2026/vendor/laravel/framework/src/Illuminate/Pipeline/Pipeline.php(219): Illuminate/Foundation/Http/Middleware/ConvertEmptyStringsToNull->handle(Object(Illuminate/Http/Request), Object(Closure))
#41 D:/SEMESTER 6/KP PUSSIBERAD/KP_UNJANI_SI_2026/vendor/laravel/framework/src/Illuminate/Foundation/Http/Middleware/TransformsRequest.php(21): Illuminate/Pipeline/Pipeline->Illuminate/Pipeline/{closure}(Object(Illuminate/Http/Request))
#42 D:/SEMESTER 6/KP PUSSIBERAD/KP_UNJANI_SI_2026/vendor/laravel/framework/src/Illuminate/Foundation/Http/Middleware/TrimStrings.php(51): Illuminate/Foundation/Http/Middleware/TransformsRequest->handle(Object(Illuminate/Http/Request), Object(Closure))
#43 D:/SEMESTER 6/KP PUSSIBERAD/KP_UNJANI_SI_2026/vendor/laravel/framework/src/Illuminate/Pipeline/Pipeline.php(219): Illuminate/Foundation/Http/Middleware/TrimStrings->handle(Object(Illuminate/Http/Request), Object(Closure))
#44 D:/SEMESTER 6/KP PUSSIBERAD/KP_UNJANI_SI_2026/vendor/laravel/framework/src/Illuminate/Http/Middleware/ValidatePostSize.php(27): Illuminate/Pipeline/Pipeline->Illuminate/Pipeline/{closure}(Object(Illuminate/Http/Request))
#45 D:/SEMESTER 6/KP PUSSIBERAD/KP_UNJANI_SI_2026/vendor/laravel/framework/src/Illuminate/Pipeline/Pipeline.php(219): Illuminate/Http/Middleware/ValidatePostSize->handle(Object(Illuminate/Http/Request), Object(Closure))
#46 D:/SEMESTER 6/KP PUSSIBERAD/KP_UNJANI_SI_2026/vendor/laravel/framework/src/Illuminate/Foundation/Http/Middleware/PreventRequestsDuringMaintenance.php(109): Illuminate/Pipeline/Pipeline->Illuminate/Pipeline/{closure}(Object(Illuminate/Http/Request))
#47 D:/SEMESTER 6/KP PUSSIBERAD/KP_UNJANI_SI_2026/vendor/laravel/framework/src/Illuminate/Pipeline/Pipeline.php(219): Illuminate/Foundation/Http/Middleware/PreventRequestsDuringMaintenance->handle(Object(Illuminate/Http/Request), Object(Closure))
#48 D:/SEMESTER 6/KP PUSSIBERAD/KP_UNJANI_SI_2026/vendor/laravel/framework/src/Illuminate/Http/Middleware/HandleCors.php(61): Illuminate/Pipeline/Pipeline->Illuminate/Pipeline/{closure}(Object(Illuminate/Http/Request))
#49 D:/SEMESTER 6/KP PUSSIBERAD/KP_UNJANI_SI_2026/vendor/laravel/framework/src/Illuminate/Pipeline/Pipeline.php(219): Illuminate/Http/Middleware/HandleCors->handle(Object(Illuminate/Http/Request), Object(Closure))
#50 D:/SEMESTER 6/KP PUSSIBERAD/KP_UNJANI_SI_2026/vendor/laravel/framework/src/Illuminate/Http/Middleware/TrustProxies.php(58): Illuminate/Pipeline/Pipeline->Illuminate/Pipeline/{closure}(Object(Illuminate/Http/Request))
#51 D:/SEMESTER 6/KP PUSSIBERAD/KP_UNJANI_SI_2026/vendor/laravel/framework/src/Illuminate/Pipeline/Pipeline.php(219): Illuminate/Http/Middleware/TrustProxies->handle(Object(Illuminate/Http/Request), Object(Closure))
#52 D:/SEMESTER 6/KP PUSSIBERAD/KP_UNJANI_SI_2026/vendor/laravel/framework/src/Illuminate/Foundation/Http/Middleware/InvokeDeferredCallbacks.php(22): Illuminate/Pipeline/Pipeline->Illuminate/Pipeline/{closure}(Object(Illuminate/Http/Request))
#53 D:/SEMESTER 6/KP PUSSIBERAD/KP_UNJANI_SI_2026/vendor/laravel/framework/src/Illuminate/Pipeline/Pipeline.php(219): Illuminate/Foundation/Http/Middleware/InvokeDeferredCallbacks->handle(Object(Illuminate/Http/Request), Object(Closure))
#54 D:/SEMESTER 6/KP PUSSIBERAD/KP_UNJANI_SI_2026/vendor/laravel/framework/src/Illuminate/Http/Middleware/ValidatePathEncoding.php(26): Illuminate/Pipeline/Pipeline->Illuminate/Pipeline/{closure}(Object(Illuminate/Http/Request))
#55 D:/SEMESTER 6/KP PUSSIBERAD/KP_UNJANI_SI_2026/vendor/laravel/framework/src/Illuminate/Pipeline/Pipeline.php(219): Illuminate/Http/Middleware/ValidatePathEncoding->handle(Object(Illuminate/Http/Request), Object(Closure))
#56 D:/SEMESTER 6/KP PUSSIBERAD/KP_UNJANI_SI_2026/vendor/laravel/framework/src/Illuminate/Pipeline/Pipeline.php(137): Illuminate/Pipeline/Pipeline->Illuminate/Pipeline/{closure}(Object(Illuminate/Http/Request))
#57 D:/SEMESTER 6/KP PUSSIBERAD/KP_UNJANI_SI_2026/vendor/laravel/framework/src/Illuminate/Foundation/Http/Kernel.php(175): Illuminate/Pipeline/Pipeline->then(Object(Closure))
#58 D:/SEMESTER 6/KP PUSSIBERAD/KP_UNJANI_SI_2026/vendor/laravel/framework/src/Illuminate/Foundation/Http/Kernel.php(144): Illuminate/Foundation/Http/Kernel->sendRequestThroughRouter(Object(Illuminate/Http/Request))
#59 D:/SEMESTER 6/KP PUSSIBERAD/KP_UNJANI_SI_2026/vendor/laravel/framework/src/Illuminate/Foundation/Application.php(1220): Illuminate/Foundation/Http/Kernel->handle(Object(Illuminate/Http/Request))
#60 D:/SEMESTER 6/KP PUSSIBERAD/KP_UNJANI_SI_2026/public/index.php(20): Illuminate/Foundation/Application->handleRequest(Object(Illuminate/Http/Request))
#61 D:/SEMESTER 6/KP PUSSIBERAD/KP_UNJANI_SI_2026/vendor/laravel/framework/src/Illuminate/Foundation/resources/server.php(23): require_once('D://SEMESTER 6//K...')
#62 {main}
"} 
[2026-08-05 02:49:46] local.ERROR: View [siberad.dashboards.binum] not found. {"userId":11,"exception":"[object] (InvalidArgumentException(code: 0): View [siberad.dashboards.binum] not found. at D:/SEMESTER 6/KP PUSSIBERAD/SISTEM_baru/vendor/laravel/framework/src/Illuminate/View/FileViewFinder.php:138)
[stacktrace]
#0 D:/SEMESTER 6/KP PUSSIBERAD/SISTEM_baru/vendor/laravel/framework/src/Illuminate/View/FileViewFinder.php(78): Illuminate/View/FileViewFinder->findInPaths('siberad.dashboa...', Array)
#1 D:/SEMESTER 6/KP PUSSIBERAD/SISTEM_baru/vendor/laravel/framework/src/Illuminate/View/Factory.php(150): Illuminate/View/FileViewFinder->find('siberad.dashboa...')
#2 D:/SEMESTER 6/KP PUSSIBERAD/SISTEM_baru/vendor/laravel/framework/src/Illuminate/Foundation/helpers.php(1100): Illuminate/View/Factory->make('siberad.dashboa...', Array, Array)
#3 D:/SEMESTER 6/KP PUSSIBERAD/SISTEM_baru/app/Http/Controllers/DashboardController.php(365): view('siberad.dashboa...', Array)
#4 D:/SEMESTER 6/KP PUSSIBERAD/SISTEM_baru/app/Http/Controllers/DashboardController.php(35): App/Http/Controllers/DashboardController->binum(Object(App/Models/User), Object(App/Models/Satuan))
#5 D:/SEMESTER 6/KP PUSSIBERAD/SISTEM_baru/vendor/laravel/framework/src/Illuminate/Routing/ControllerDispatcher.php(46): App/Http/Controllers/DashboardController->__invoke(Object(Illuminate/Http/Request))
#6 D:/SEMESTER 6/KP PUSSIBERAD/SISTEM_baru/vendor/laravel/framework/src/Illuminate/Routing/Route.php(265): Illuminate/Routing/ControllerDispatcher->dispatch(Object(Illuminate/Routing/Route), Object(App/Http/Controllers/DashboardController), '__invoke')
#7 D:/SEMESTER 6/KP PUSSIBERAD/SISTEM_baru/vendor/laravel/framework/src/Illuminate/Routing/Route.php(211): Illuminate/Routing/Route->runController()
#8 D:/SEMESTER 6/KP PUSSIBERAD/SISTEM_baru/vendor/laravel/framework/src/Illuminate/Routing/Router.php(822): Illuminate/Routing/Route->run()
#9 D:/SEMESTER 6/KP PUSSIBERAD/SISTEM_baru/vendor/laravel/framework/src/Illuminate/Pipeline/Pipeline.php(180): Illuminate/Routing/Router->Illuminate/Routing/{closure}(Object(Illuminate/Http/Request))
#10 D:/SEMESTER 6/KP PUSSIBERAD/SISTEM_baru/vendor/laravel/framework/src/Illuminate/Routing/Middleware/SubstituteBindings.php(50): Illuminate/Pipeline/Pipeline->Illuminate/Pipeline/{closure}(Object(Illuminate/Http/Request))
#11 D:/SEMESTER 6/KP PUSSIBERAD/SISTEM_baru/vendor/laravel/framework/src/Illuminate/Pipeline/Pipeline.php(219): Illuminate/Routing/Middleware/SubstituteBindings->handle(Object(Illuminate/Http/Request), Object(Closure))
#12 D:/SEMESTER 6/KP PUSSIBERAD/SISTEM_baru/vendor/laravel/framework/src/Illuminate/Auth/Middleware/Authenticate.php(63): Illuminate/Pipeline/Pipeline->Illuminate/Pipeline/{closure}(Object(Illuminate/Http/Request))
#13 D:/SEMESTER 6/KP PUSSIBERAD/SISTEM_baru/vendor/laravel/framework/src/Illuminate/Pipeline/Pipeline.php(219): Illuminate/Auth/Middleware/Authenticate->handle(Object(Illuminate/Http/Request), Object(Closure))
#14 D:/SEMESTER 6/KP PUSSIBERAD/SISTEM_baru/vendor/laravel/framework/src/Illuminate/Foundation/Http/Middleware/VerifyCsrfToken.php(87): Illuminate/Pipeline/Pipeline->Illuminate/Pipeline/{closure}(Object(Illuminate/Http/Request))
#15 D:/SEMESTER 6/KP PUSSIBERAD/SISTEM_baru/vendor/laravel/framework/src/Illuminate/Pipeline/Pipeline.php(219): Illuminate/Foundation/Http/Middleware/VerifyCsrfToken->handle(Object(Illuminate/Http/Request), Object(Closure))
#16 D:/SEMESTER 6/KP PUSSIBERAD/SISTEM_baru/vendor/laravel/framework/src/Illuminate/View/Middleware/ShareErrorsFromSession.php(48): Illuminate/Pipeline/Pipeline->Illuminate/Pipeline/{closure}(Object(Illuminate/Http/Request))
#17 D:/SEMESTER 6/KP PUSSIBERAD/SISTEM_baru/vendor/laravel/framework/src/Illuminate/Pipeline/Pipeline.php(219): Illuminate/View/Middleware/ShareErrorsFromSession->handle(Object(Illuminate/Http/Request), Object(Closure))
#18 D:/SEMESTER 6/KP PUSSIBERAD/SISTEM_baru/vendor/laravel/framework/src/Illuminate/Session/Middleware/StartSession.php(120): Illuminate/Pipeline/Pipeline->Illuminate/Pipeline/{closure}(Object(Illuminate/Http/Request))
#19 D:/SEMESTER 6/KP PUSSIBERAD/SISTEM_baru/vendor/laravel/framework/src/Illuminate/Session/Middleware/StartSession.php(63): Illuminate/Session/Middleware/StartSession->handleStatefulRequest(Object(Illuminate/Http/Request), Object(Illuminate/Session/Store), Object(Closure))
#20 D:/SEMESTER 6/KP PUSSIBERAD/SISTEM_baru/vendor/laravel/framework/src/Illuminate/Pipeline/Pipeline.php(219): Illuminate/Session/Middleware/StartSession->handle(Object(Illuminate/Http/Request), Object(Closure))
#21 D:/SEMESTER 6/KP PUSSIBERAD/SISTEM_baru/vendor/laravel/framework/src/Illuminate/Cookie/Middleware/AddQueuedCookiesToResponse.php(36): Illuminate/Pipeline/Pipeline->Illuminate/Pipeline/{closure}(Object(Illuminate/Http/Request))
#22 D:/SEMESTER 6/KP PUSSIBERAD/SISTEM_baru/vendor/laravel/framework/src/Illuminate/Pipeline/Pipeline.php(219): Illuminate/Cookie/Middleware/AddQueuedCookiesToResponse->handle(Object(Illuminate/Http/Request), Object(Closure))
#23 D:/SEMESTER 6/KP PUSSIBERAD/SISTEM_baru/vendor/laravel/framework/src/Illuminate/Cookie/Middleware/EncryptCookies.php(74): Illuminate/Pipeline/Pipeline->Illuminate/Pipeline/{closure}(Object(Illuminate/Http/Request))
#24 D:/SEMESTER 6/KP PUSSIBERAD/SISTEM_baru/vendor/laravel/framework/src/Illuminate/Pipeline/Pipeline.php(219): Illuminate/Cookie/Middleware/EncryptCookies->handle(Object(Illuminate/Http/Request), Object(Closure))
#25 D:/SEMESTER 6/KP PUSSIBERAD/SISTEM_baru/vendor/laravel/framework/src/Illuminate/Pipeline/Pipeline.php(137): Illuminate/Pipeline/Pipeline->Illuminate/Pipeline/{closure}(Object(Illuminate/Http/Request))
#26 D:/SEMESTER 6/KP PUSSIBERAD/SISTEM_baru/vendor/laravel/framework/src/Illuminate/Routing/Router.php(821): Illuminate/Pipeline/Pipeline->then(Object(Closure))
#27 D:/SEMESTER 6/KP PUSSIBERAD/SISTEM_baru/vendor/laravel/framework/src/Illuminate/Routing/Router.php(800): Illuminate/Routing/Router->runRouteWithinStack(Object(Illuminate/Routing/Route), Object(Illuminate/Http/Request))
#28 D:/SEMESTER 6/KP PUSSIBERAD/SISTEM_baru/vendor/laravel/framework/src/Illuminate/Routing/Router.php(764): Illuminate/Routing/Router->runRoute(Object(Illuminate/Http/Request), Object(Illuminate/Routing/Route))
#29 D:/SEMESTER 6/KP PUSSIBERAD/SISTEM_baru/vendor/laravel/framework/src/Illuminate/Routing/Router.php(753): Illuminate/Routing/Router->dispatchToRoute(Object(Illuminate/Http/Request))
#30 D:/SEMESTER 6/KP PUSSIBERAD/SISTEM_baru/vendor/laravel/framework/src/Illuminate/Foundation/Http/Kernel.php(200): Illuminate/Routing/Router->dispatch(Object(Illuminate/Http/Request))
#31 D:/SEMESTER 6/KP PUSSIBERAD/SISTEM_baru/vendor/laravel/framework/src/Illuminate/Pipeline/Pipeline.php(180): Illuminate/Foundation/Http/Kernel->Illuminate/Foundation/Http/{closure}(Object(Illuminate/Http/Request))
#32 D:/SEMESTER 6/KP PUSSIBERAD/SISTEM_baru/vendor/laravel/framework/src/Illuminate/Foundation/Http/Middleware/TransformsRequest.php(21): Illuminate/Pipeline/Pipeline->Illuminate/Pipeline/{closure}(Object(Illuminate/Http/Request))
#33 D:/SEMESTER 6/KP PUSSIBERAD/SISTEM_baru/vendor/laravel/framework/src/Illuminate/Foundation/Http/Middleware/ConvertEmptyStringsToNull.php(31): Illuminate/Foundation/Http/Middleware/TransformsRequest->handle(Object(Illuminate/Http/Request), Object(Closure))
#34 D:/SEMESTER 6/KP PUSSIBERAD/SISTEM_baru/vendor/laravel/framework/src/Illuminate/Pipeline/Pipeline.php(219): Illuminate/Foundation/Http/Middleware/ConvertEmptyStringsToNull->handle(Object(Illuminate/Http/Request), Object(Closure))
#35 D:/SEMESTER 6/KP PUSSIBERAD/SISTEM_baru/vendor/laravel/framework/src/Illuminate/Foundation/Http/Middleware/TransformsRequest.php(21): Illuminate/Pipeline/Pipeline->Illuminate/Pipeline/{closure}(Object(Illuminate/Http/Request))
#36 D:/SEMESTER 6/KP PUSSIBERAD/SISTEM_baru/vendor/laravel/framework/src/Illuminate/Foundation/Http/Middleware/TrimStrings.php(51): Illuminate/Foundation/Http/Middleware/TransformsRequest->handle(Object(Illuminate/Http/Request), Object(Closure))
#37 D:/SEMESTER 6/KP PUSSIBERAD/SISTEM_baru/vendor/laravel/framework/src/Illuminate/Pipeline/Pipeline.php(219): Illuminate/Foundation/Http/Middleware/TrimStrings->handle(Object(Illuminate/Http/Request), Object(Closure))
#38 D:/SEMESTER 6/KP PUSSIBERAD/SISTEM_baru/vendor/laravel/framework/src/Illuminate/Http/Middleware/ValidatePostSize.php(27): Illuminate/Pipeline/Pipeline->Illuminate/Pipeline/{closure}(Object(Illuminate/Http/Request))
#39 D:/SEMESTER 6/KP PUSSIBERAD/SISTEM_baru/vendor/laravel/framework/src/Illuminate/Pipeline/Pipeline.php(219): Illuminate/Http/Middleware/ValidatePostSize->handle(Object(Illuminate/Http/Request), Object(Closure))
#40 D:/SEMESTER 6/KP PUSSIBERAD/SISTEM_baru/vendor/laravel/framework/src/Illuminate/Foundation/Http/Middleware/PreventRequestsDuringMaintenance.php(109): Illuminate/Pipeline/Pipeline->Illuminate/Pipeline/{closure}(Object(Illuminate/Http/Request))
#41 D:/SEMESTER 6/KP PUSSIBERAD/SISTEM_baru/vendor/laravel/framework/src/Illuminate/Pipeline/Pipeline.php(219): Illuminate/Foundation/Http/Middleware/PreventRequestsDuringMaintenance->handle(Object(Illuminate/Http/Request), Object(Closure))
#42 D:/SEMESTER 6/KP PUSSIBERAD/SISTEM_baru/vendor/laravel/framework/src/Illuminate/Http/Middleware/HandleCors.php(61): Illuminate/Pipeline/Pipeline->Illuminate/Pipeline/{closure}(Object(Illuminate/Http/Request))
#43 D:/SEMESTER 6/KP PUSSIBERAD/SISTEM_baru/vendor/laravel/framework/src/Illuminate/Pipeline/Pipeline.php(219): Illuminate/Http/Middleware/HandleCors->handle(Object(Illuminate/Http/Request), Object(Closure))
#44 D:/SEMESTER 6/KP PUSSIBERAD/SISTEM_baru/vendor/laravel/framework/src/Illuminate/Http/Middleware/TrustProxies.php(58): Illuminate/Pipeline/Pipeline->Illuminate/Pipeline/{closure}(Object(Illuminate/Http/Request))
#45 D:/SEMESTER 6/KP PUSSIBERAD/SISTEM_baru/vendor/laravel/framework/src/Illuminate/Pipeline/Pipeline.php(219): Illuminate/Http/Middleware/TrustProxies->handle(Object(Illuminate/Http/Request), Object(Closure))
#46 D:/SEMESTER 6/KP PUSSIBERAD/SISTEM_baru/vendor/laravel/framework/src/Illuminate/Foundation/Http/Middleware/InvokeDeferredCallbacks.php(22): Illuminate/Pipeline/Pipeline->Illuminate/Pipeline/{closure}(Object(Illuminate/Http/Request))
#47 D:/SEMESTER 6/KP PUSSIBERAD/SISTEM_baru/vendor/laravel/framework/src/Illuminate/Pipeline/Pipeline.php(219): Illuminate/Foundation/Http/Middleware/InvokeDeferredCallbacks->handle(Object(Illuminate/Http/Request), Object(Closure))
#48 D:/SEMESTER 6/KP PUSSIBERAD/SISTEM_baru/vendor/laravel/framework/src/Illuminate/Http/Middleware/ValidatePathEncoding.php(26): Illuminate/Pipeline/Pipeline->Illuminate/Pipeline/{closure}(Object(Illuminate/Http/Request))
#49 D:/SEMESTER 6/KP PUSSIBERAD/SISTEM_baru/vendor/laravel/framework/src/Illuminate/Pipeline/Pipeline.php(219): Illuminate/Http/Middleware/ValidatePathEncoding->handle(Object(Illuminate/Http/Request), Object(Closure))
#50 D:/SEMESTER 6/KP PUSSIBERAD/SISTEM_baru/vendor/laravel/framework/src/Illuminate/Pipeline/Pipeline.php(137): Illuminate/Pipeline/Pipeline->Illuminate/Pipeline/{closure}(Object(Illuminate/Http/Request))
#51 D:/SEMESTER 6/KP PUSSIBERAD/SISTEM_baru/vendor/laravel/framework/src/Illuminate/Foundation/Http/Kernel.php(175): Illuminate/Pipeline/Pipeline->then(Object(Closure))
#52 D:/SEMESTER 6/KP PUSSIBERAD/SISTEM_baru/vendor/laravel/framework/src/Illuminate/Foundation/Http/Kernel.php(144): Illuminate/Foundation/Http/Kernel->sendRequestThroughRouter(Object(Illuminate/Http/Request))
#53 D:/SEMESTER 6/KP PUSSIBERAD/SISTEM_baru/vendor/laravel/framework/src/Illuminate/Foundation/Application.php(1220): Illuminate/Foundation/Http/Kernel->handle(Object(Illuminate/Http/Request))
#54 D:/SEMESTER 6/KP PUSSIBERAD/SISTEM_baru/public/index.php(20): Illuminate/Foundation/Application->handleRequest(Object(Illuminate/Http/Request))
#55 D:/SEMESTER 6/KP PUSSIBERAD/SISTEM_baru/vendor/laravel/framework/src/Illuminate/Foundation/resources/server.php(23): require_once('D://SEMESTER 6//K...')
#56 {main}
"} 
[2026-08-05 02:50:11] local.ERROR: View [siberad.dashboards.binum] not found. {"userId":11,"exception":"[object] (InvalidArgumentException(code: 0): View [siberad.dashboards.binum] not found. at D:/SEMESTER 6/KP PUSSIBERAD/SISTEM_baru/vendor/laravel/framework/src/Illuminate/View/FileViewFinder.php:138)
[stacktrace]
#0 D:/SEMESTER 6/KP PUSSIBERAD/SISTEM_baru/vendor/laravel/framework/src/Illuminate/View/FileViewFinder.php(78): Illuminate/View/FileViewFinder->findInPaths('siberad.dashboa...', Array)
#1 D:/SEMESTER 6/KP PUSSIBERAD/SISTEM_baru/vendor/laravel/framework/src/Illuminate/View/Factory.php(150): Illuminate/View/FileViewFinder->find('siberad.dashboa...')
#2 D:/SEMESTER 6/KP PUSSIBERAD/SISTEM_baru/vendor/laravel/framework/src/Illuminate/Foundation/helpers.php(1100): Illuminate/View/Factory->make('siberad.dashboa...', Array, Array)
#3 D:/SEMESTER 6/KP PUSSIBERAD/SISTEM_baru/app/Http/Controllers/DashboardController.php(365): view('siberad.dashboa...', Array)
#4 D:/SEMESTER 6/KP PUSSIBERAD/SISTEM_baru/app/Http/Controllers/DashboardController.php(35): App/Http/Controllers/DashboardController->binum(Object(App/Models/User), Object(App/Models/Satuan))
#5 D:/SEMESTER 6/KP PUSSIBERAD/SISTEM_baru/vendor/laravel/framework/src/Illuminate/Routing/ControllerDispatcher.php(46): App/Http/Controllers/DashboardController->__invoke(Object(Illuminate/Http/Request))
#6 D:/SEMESTER 6/KP PUSSIBERAD/SISTEM_baru/vendor/laravel/framework/src/Illuminate/Routing/Route.php(265): Illuminate/Routing/ControllerDispatcher->dispatch(Object(Illuminate/Routing/Route), Object(App/Http/Controllers/DashboardController), '__invoke')
#7 D:/SEMESTER 6/KP PUSSIBERAD/SISTEM_baru/vendor/laravel/framework/src/Illuminate/Routing/Route.php(211): Illuminate/Routing/Route->runController()
#8 D:/SEMESTER 6/KP PUSSIBERAD/SISTEM_baru/vendor/laravel/framework/src/Illuminate/Routing/Router.php(822): Illuminate/Routing/Route->run()
#9 D:/SEMESTER 6/KP PUSSIBERAD/SISTEM_baru/vendor/laravel/framework/src/Illuminate/Pipeline/Pipeline.php(180): Illuminate/Routing/Router->Illuminate/Routing/{closure}(Object(Illuminate/Http/Request))
#10 D:/SEMESTER 6/KP PUSSIBERAD/SISTEM_baru/vendor/laravel/framework/src/Illuminate/Routing/Middleware/SubstituteBindings.php(50): Illuminate/Pipeline/Pipeline->Illuminate/Pipeline/{closure}(Object(Illuminate/Http/Request))
#11 D:/SEMESTER 6/KP PUSSIBERAD/SISTEM_baru/vendor/laravel/framework/src/Illuminate/Pipeline/Pipeline.php(219): Illuminate/Routing/Middleware/SubstituteBindings->handle(Object(Illuminate/Http/Request), Object(Closure))
#12 D:/SEMESTER 6/KP PUSSIBERAD/SISTEM_baru/vendor/laravel/framework/src/Illuminate/Auth/Middleware/Authenticate.php(63): Illuminate/Pipeline/Pipeline->Illuminate/Pipeline/{closure}(Object(Illuminate/Http/Request))
#13 D:/SEMESTER 6/KP PUSSIBERAD/SISTEM_baru/vendor/laravel/framework/src/Illuminate/Pipeline/Pipeline.php(219): Illuminate/Auth/Middleware/Authenticate->handle(Object(Illuminate/Http/Request), Object(Closure))
#14 D:/SEMESTER 6/KP PUSSIBERAD/SISTEM_baru/vendor/laravel/framework/src/Illuminate/Foundation/Http/Middleware/VerifyCsrfToken.php(87): Illuminate/Pipeline/Pipeline->Illuminate/Pipeline/{closure}(Object(Illuminate/Http/Request))
#15 D:/SEMESTER 6/KP PUSSIBERAD/SISTEM_baru/vendor/laravel/framework/src/Illuminate/Pipeline/Pipeline.php(219): Illuminate/Foundation/Http/Middleware/VerifyCsrfToken->handle(Object(Illuminate/Http/Request), Object(Closure))
#16 D:/SEMESTER 6/KP PUSSIBERAD/SISTEM_baru/vendor/laravel/framework/src/Illuminate/View/Middleware/ShareErrorsFromSession.php(48): Illuminate/Pipeline/Pipeline->Illuminate/Pipeline/{closure}(Object(Illuminate/Http/Request))
#17 D:/SEMESTER 6/KP PUSSIBERAD/SISTEM_baru/vendor/laravel/framework/src/Illuminate/Pipeline/Pipeline.php(219): Illuminate/View/Middleware/ShareErrorsFromSession->handle(Object(Illuminate/Http/Request), Object(Closure))
#18 D:/SEMESTER 6/KP PUSSIBERAD/SISTEM_baru/vendor/laravel/framework/src/Illuminate/Session/Middleware/StartSession.php(120): Illuminate/Pipeline/Pipeline->Illuminate/Pipeline/{closure}(Object(Illuminate/Http/Request))
#19 D:/SEMESTER 6/KP PUSSIBERAD/SISTEM_baru/vendor/laravel/framework/src/Illuminate/Session/Middleware/StartSession.php(63): Illuminate/Session/Middleware/StartSession->handleStatefulRequest(Object(Illuminate/Http/Request), Object(Illuminate/Session/Store), Object(Closure))
#20 D:/SEMESTER 6/KP PUSSIBERAD/SISTEM_baru/vendor/laravel/framework/src/Illuminate/Pipeline/Pipeline.php(219): Illuminate/Session/Middleware/StartSession->handle(Object(Illuminate/Http/Request), Object(Closure))
#21 D:/SEMESTER 6/KP PUSSIBERAD/SISTEM_baru/vendor/laravel/framework/src/Illuminate/Cookie/Middleware/AddQueuedCookiesToResponse.php(36): Illuminate/Pipeline/Pipeline->Illuminate/Pipeline/{closure}(Object(Illuminate/Http/Request))
#22 D:/SEMESTER 6/KP PUSSIBERAD/SISTEM_baru/vendor/laravel/framework/src/Illuminate/Pipeline/Pipeline.php(219): Illuminate/Cookie/Middleware/AddQueuedCookiesToResponse->handle(Object(Illuminate/Http/Request), Object(Closure))
#23 D:/SEMESTER 6/KP PUSSIBERAD/SISTEM_baru/vendor/laravel/framework/src/Illuminate/Cookie/Middleware/EncryptCookies.php(74): Illuminate/Pipeline/Pipeline->Illuminate/Pipeline/{closure}(Object(Illuminate/Http/Request))
#24 D:/SEMESTER 6/KP PUSSIBERAD/SISTEM_baru/vendor/laravel/framework/src/Illuminate/Pipeline/Pipeline.php(219): Illuminate/Cookie/Middleware/EncryptCookies->handle(Object(Illuminate/Http/Request), Object(Closure))
#25 D:/SEMESTER 6/KP PUSSIBERAD/SISTEM_baru/vendor/laravel/framework/src/Illuminate/Pipeline/Pipeline.php(137): Illuminate/Pipeline/Pipeline->Illuminate/Pipeline/{closure}(Object(Illuminate/Http/Request))
#26 D:/SEMESTER 6/KP PUSSIBERAD/SISTEM_baru/vendor/laravel/framework/src/Illuminate/Routing/Router.php(821): Illuminate/Pipeline/Pipeline->then(Object(Closure))
#27 D:/SEMESTER 6/KP PUSSIBERAD/SISTEM_baru/vendor/laravel/framework/src/Illuminate/Routing/Router.php(800): Illuminate/Routing/Router->runRouteWithinStack(Object(Illuminate/Routing/Route), Object(Illuminate/Http/Request))
#28 D:/SEMESTER 6/KP PUSSIBERAD/SISTEM_baru/vendor/laravel/framework/src/Illuminate/Routing/Router.php(764): Illuminate/Routing/Router->runRoute(Object(Illuminate/Http/Request), Object(Illuminate/Routing/Route))
#29 D:/SEMESTER 6/KP PUSSIBERAD/SISTEM_baru/vendor/laravel/framework/src/Illuminate/Routing/Router.php(753): Illuminate/Routing/Router->dispatchToRoute(Object(Illuminate/Http/Request))
#30 D:/SEMESTER 6/KP PUSSIBERAD/SISTEM_baru/vendor/laravel/framework/src/Illuminate/Foundation/Http/Kernel.php(200): Illuminate/Routing/Router->dispatch(Object(Illuminate/Http/Request))
#31 D:/SEMESTER 6/KP PUSSIBERAD/SISTEM_baru/vendor/laravel/framework/src/Illuminate/Pipeline/Pipeline.php(180): Illuminate/Foundation/Http/Kernel->Illuminate/Foundation/Http/{closure}(Object(Illuminate/Http/Request))
#32 D:/SEMESTER 6/KP PUSSIBERAD/SISTEM_baru/vendor/laravel/framework/src/Illuminate/Foundation/Http/Middleware/TransformsRequest.php(21): Illuminate/Pipeline/Pipeline->Illuminate/Pipeline/{closure}(Object(Illuminate/Http/Request))
#33 D:/SEMESTER 6/KP PUSSIBERAD/SISTEM_baru/vendor/laravel/framework/src/Illuminate/Foundation/Http/Middleware/ConvertEmptyStringsToNull.php(31): Illuminate/Foundation/Http/Middleware/TransformsRequest->handle(Object(Illuminate/Http/Request), Object(Closure))
#34 D:/SEMESTER 6/KP PUSSIBERAD/SISTEM_baru/vendor/laravel/framework/src/Illuminate/Pipeline/Pipeline.php(219): Illuminate/Foundation/Http/Middleware/ConvertEmptyStringsToNull->handle(Object(Illuminate/Http/Request), Object(Closure))
#35 D:/SEMESTER 6/KP PUSSIBERAD/SISTEM_baru/vendor/laravel/framework/src/Illuminate/Foundation/Http/Middleware/TransformsRequest.php(21): Illuminate/Pipeline/Pipeline->Illuminate/Pipeline/{closure}(Object(Illuminate/Http/Request))
#36 D:/SEMESTER 6/KP PUSSIBERAD/SISTEM_baru/vendor/laravel/framework/src/Illuminate/Foundation/Http/Middleware/TrimStrings.php(51): Illuminate/Foundation/Http/Middleware/TransformsRequest->handle(Object(Illuminate/Http/Request), Object(Closure))
#37 D:/SEMESTER 6/KP PUSSIBERAD/SISTEM_baru/vendor/laravel/framework/src/Illuminate/Pipeline/Pipeline.php(219): Illuminate/Foundation/Http/Middleware/TrimStrings->handle(Object(Illuminate/Http/Request), Object(Closure))
#38 D:/SEMESTER 6/KP PUSSIBERAD/SISTEM_baru/vendor/laravel/framework/src/Illuminate/Http/Middleware/ValidatePostSize.php(27): Illuminate/Pipeline/Pipeline->Illuminate/Pipeline/{closure}(Object(Illuminate/Http/Request))
#39 D:/SEMESTER 6/KP PUSSIBERAD/SISTEM_baru/vendor/laravel/framework/src/Illuminate/Pipeline/Pipeline.php(219): Illuminate/Http/Middleware/ValidatePostSize->handle(Object(Illuminate/Http/Request), Object(Closure))
#40 D:/SEMESTER 6/KP PUSSIBERAD/SISTEM_baru/vendor/laravel/framework/src/Illuminate/Foundation/Http/Middleware/PreventRequestsDuringMaintenance.php(109): Illuminate/Pipeline/Pipeline->Illuminate/Pipeline/{closure}(Object(Illuminate/Http/Request))
#41 D:/SEMESTER 6/KP PUSSIBERAD/SISTEM_baru/vendor/laravel/framework/src/Illuminate/Pipeline/Pipeline.php(219): Illuminate/Foundation/Http/Middleware/PreventRequestsDuringMaintenance->handle(Object(Illuminate/Http/Request), Object(Closure))
#42 D:/SEMESTER 6/KP PUSSIBERAD/SISTEM_baru/vendor/laravel/framework/src/Illuminate/Http/Middleware/HandleCors.php(61): Illuminate/Pipeline/Pipeline->Illuminate/Pipeline/{closure}(Object(Illuminate/Http/Request))
#43 D:/SEMESTER 6/KP PUSSIBERAD/SISTEM_baru/vendor/laravel/framework/src/Illuminate/Pipeline/Pipeline.php(219): Illuminate/Http/Middleware/HandleCors->handle(Object(Illuminate/Http/Request), Object(Closure))
#44 D:/SEMESTER 6/KP PUSSIBERAD/SISTEM_baru/vendor/laravel/framework/src/Illuminate/Http/Middleware/TrustProxies.php(58): Illuminate/Pipeline/Pipeline->Illuminate/Pipeline/{closure}(Object(Illuminate/Http/Request))
#45 D:/SEMESTER 6/KP PUSSIBERAD/SISTEM_baru/vendor/laravel/framework/src/Illuminate/Pipeline/Pipeline.php(219): Illuminate/Http/Middleware/TrustProxies->handle(Object(Illuminate/Http/Request), Object(Closure))
#46 D:/SEMESTER 6/KP PUSSIBERAD/SISTEM_baru/vendor/laravel/framework/src/Illuminate/Foundation/Http/Middleware/InvokeDeferredCallbacks.php(22): Illuminate/Pipeline/Pipeline->Illuminate/Pipeline/{closure}(Object(Illuminate/Http/Request))
#47 D:/SEMESTER 6/KP PUSSIBERAD/SISTEM_baru/vendor/laravel/framework/src/Illuminate/Pipeline/Pipeline.php(219): Illuminate/Foundation/Http/Middleware/InvokeDeferredCallbacks->handle(Object(Illuminate/Http/Request), Object(Closure))
#48 D:/SEMESTER 6/KP PUSSIBERAD/SISTEM_baru/vendor/laravel/framework/src/Illuminate/Http/Middleware/ValidatePathEncoding.php(26): Illuminate/Pipeline/Pipeline->Illuminate/Pipeline/{closure}(Object(Illuminate/Http/Request))
#49 D:/SEMESTER 6/KP PUSSIBERAD/SISTEM_baru/vendor/laravel/framework/src/Illuminate/Pipeline/Pipeline.php(219): Illuminate/Http/Middleware/ValidatePathEncoding->handle(Object(Illuminate/Http/Request), Object(Closure))
#50 D:/SEMESTER 6/KP PUSSIBERAD/SISTEM_baru/vendor/laravel/framework/src/Illuminate/Pipeline/Pipeline.php(137): Illuminate/Pipeline/Pipeline->Illuminate/Pipeline/{closure}(Object(Illuminate/Http/Request))
#51 D:/SEMESTER 6/KP PUSSIBERAD/SISTEM_baru/vendor/laravel/framework/src/Illuminate/Foundation/Http/Kernel.php(175): Illuminate/Pipeline/Pipeline->then(Object(Closure))
#52 D:/SEMESTER 6/KP PUSSIBERAD/SISTEM_baru/vendor/laravel/framework/src/Illuminate/Foundation/Http/Kernel.php(144): Illuminate/Foundation/Http/Kernel->sendRequestThroughRouter(Object(Illuminate/Http/Request))
#53 D:/SEMESTER 6/KP PUSSIBERAD/SISTEM_baru/vendor/laravel/framework/src/Illuminate/Foundation/Application.php(1220): Illuminate/Foundation/Http/Kernel->handle(Object(Illuminate/Http/Request))
#54 D:/SEMESTER 6/KP PUSSIBERAD/SISTEM_baru/public/index.php(20): Illuminate/Foundation/Application->handleRequest(Object(Illuminate/Http/Request))
#55 D:/SEMESTER 6/KP PUSSIBERAD/SISTEM_baru/vendor/laravel/framework/src/Illuminate/Foundation/resources/server.php(23): require_once('D://SEMESTER 6//K...')
#56 {main}
"} 
[2026-08-05 02:52:32] local.ERROR: View [siberad.dashboards.binum] not found. {"userId":11,"exception":"[object] (InvalidArgumentException(code: 0): View [siberad.dashboards.binum] not found. at D:/SEMESTER 6/KP PUSSIBERAD/SISTEM_baru/vendor/laravel/framework/src/Illuminate/View/FileViewFinder.php:138)
[stacktrace]
#0 D:/SEMESTER 6/KP PUSSIBERAD/SISTEM_baru/vendor/laravel/framework/src/Illuminate/View/FileViewFinder.php(78): Illuminate/View/FileViewFinder->findInPaths('siberad.dashboa...', Array)
#1 D:/SEMESTER 6/KP PUSSIBERAD/SISTEM_baru/vendor/laravel/framework/src/Illuminate/View/Factory.php(150): Illuminate/View/FileViewFinder->find('siberad.dashboa...')
#2 D:/SEMESTER 6/KP PUSSIBERAD/SISTEM_baru/vendor/laravel/framework/src/Illuminate/Foundation/helpers.php(1100): Illuminate/View/Factory->make('siberad.dashboa...', Array, Array)
#3 D:/SEMESTER 6/KP PUSSIBERAD/SISTEM_baru/app/Http/Controllers/DashboardController.php(365): view('siberad.dashboa...', Array)
#4 D:/SEMESTER 6/KP PUSSIBERAD/SISTEM_baru/app/Http/Controllers/DashboardController.php(35): App/Http/Controllers/DashboardController->binum(Object(App/Models/User), Object(App/Models/Satuan))
#5 D:/SEMESTER 6/KP PUSSIBERAD/SISTEM_baru/vendor/laravel/framework/src/Illuminate/Routing/ControllerDispatcher.php(46): App/Http/Controllers/DashboardController->__invoke(Object(Illuminate/Http/Request))
#6 D:/SEMESTER 6/KP PUSSIBERAD/SISTEM_baru/vendor/laravel/framework/src/Illuminate/Routing/Route.php(265): Illuminate/Routing/ControllerDispatcher->dispatch(Object(Illuminate/Routing/Route), Object(App/Http/Controllers/DashboardController), '__invoke')
#7 D:/SEMESTER 6/KP PUSSIBERAD/SISTEM_baru/vendor/laravel/framework/src/Illuminate/Routing/Route.php(211): Illuminate/Routing/Route->runController()
#8 D:/SEMESTER 6/KP PUSSIBERAD/SISTEM_baru/vendor/laravel/framework/src/Illuminate/Routing/Router.php(822): Illuminate/Routing/Route->run()
#9 D:/SEMESTER 6/KP PUSSIBERAD/SISTEM_baru/vendor/laravel/framework/src/Illuminate/Pipeline/Pipeline.php(180): Illuminate/Routing/Router->Illuminate/Routing/{closure}(Object(Illuminate/Http/Request))
#10 D:/SEMESTER 6/KP PUSSIBERAD/SISTEM_baru/vendor/laravel/framework/src/Illuminate/Routing/Middleware/SubstituteBindings.php(50): Illuminate/Pipeline/Pipeline->Illuminate/Pipeline/{closure}(Object(Illuminate/Http/Request))
#11 D:/SEMESTER 6/KP PUSSIBERAD/SISTEM_baru/vendor/laravel/framework/src/Illuminate/Pipeline/Pipeline.php(219): Illuminate/Routing/Middleware/SubstituteBindings->handle(Object(Illuminate/Http/Request), Object(Closure))
#12 D:/SEMESTER 6/KP PUSSIBERAD/SISTEM_baru/vendor/laravel/framework/src/Illuminate/Auth/Middleware/Authenticate.php(63): Illuminate/Pipeline/Pipeline->Illuminate/Pipeline/{closure}(Object(Illuminate/Http/Request))
#13 D:/SEMESTER 6/KP PUSSIBERAD/SISTEM_baru/vendor/laravel/framework/src/Illuminate/Pipeline/Pipeline.php(219): Illuminate/Auth/Middleware/Authenticate->handle(Object(Illuminate/Http/Request), Object(Closure))
#14 D:/SEMESTER 6/KP PUSSIBERAD/SISTEM_baru/vendor/laravel/framework/src/Illuminate/Foundation/Http/Middleware/VerifyCsrfToken.php(87): Illuminate/Pipeline/Pipeline->Illuminate/Pipeline/{closure}(Object(Illuminate/Http/Request))
#15 D:/SEMESTER 6/KP PUSSIBERAD/SISTEM_baru/vendor/laravel/framework/src/Illuminate/Pipeline/Pipeline.php(219): Illuminate/Foundation/Http/Middleware/VerifyCsrfToken->handle(Object(Illuminate/Http/Request), Object(Closure))
#16 D:/SEMESTER 6/KP PUSSIBERAD/SISTEM_baru/vendor/laravel/framework/src/Illuminate/View/Middleware/ShareErrorsFromSession.php(48): Illuminate/Pipeline/Pipeline->Illuminate/Pipeline/{closure}(Object(Illuminate/Http/Request))
#17 D:/SEMESTER 6/KP PUSSIBERAD/SISTEM_baru/vendor/laravel/framework/src/Illuminate/Pipeline/Pipeline.php(219): Illuminate/View/Middleware/ShareErrorsFromSession->handle(Object(Illuminate/Http/Request), Object(Closure))
#18 D:/SEMESTER 6/KP PUSSIBERAD/SISTEM_baru/vendor/laravel/framework/src/Illuminate/Session/Middleware/StartSession.php(120): Illuminate/Pipeline/Pipeline->Illuminate/Pipeline/{closure}(Object(Illuminate/Http/Request))
#19 D:/SEMESTER 6/KP PUSSIBERAD/SISTEM_baru/vendor/laravel/framework/src/Illuminate/Session/Middleware/StartSession.php(63): Illuminate/Session/Middleware/StartSession->handleStatefulRequest(Object(Illuminate/Http/Request), Object(Illuminate/Session/Store), Object(Closure))
#20 D:/SEMESTER 6/KP PUSSIBERAD/SISTEM_baru/vendor/laravel/framework/src/Illuminate/Pipeline/Pipeline.php(219): Illuminate/Session/Middleware/StartSession->handle(Object(Illuminate/Http/Request), Object(Closure))
#21 D:/SEMESTER 6/KP PUSSIBERAD/SISTEM_baru/vendor/laravel/framework/src/Illuminate/Cookie/Middleware/AddQueuedCookiesToResponse.php(36): Illuminate/Pipeline/Pipeline->Illuminate/Pipeline/{closure}(Object(Illuminate/Http/Request))
#22 D:/SEMESTER 6/KP PUSSIBERAD/SISTEM_baru/vendor/laravel/framework/src/Illuminate/Pipeline/Pipeline.php(219): Illuminate/Cookie/Middleware/AddQueuedCookiesToResponse->handle(Object(Illuminate/Http/Request), Object(Closure))
#23 D:/SEMESTER 6/KP PUSSIBERAD/SISTEM_baru/vendor/laravel/framework/src/Illuminate/Cookie/Middleware/EncryptCookies.php(74): Illuminate/Pipeline/Pipeline->Illuminate/Pipeline/{closure}(Object(Illuminate/Http/Request))
#24 D:/SEMESTER 6/KP PUSSIBERAD/SISTEM_baru/vendor/laravel/framework/src/Illuminate/Pipeline/Pipeline.php(219): Illuminate/Cookie/Middleware/EncryptCookies->handle(Object(Illuminate/Http/Request), Object(Closure))
#25 D:/SEMESTER 6/KP PUSSIBERAD/SISTEM_baru/vendor/laravel/framework/src/Illuminate/Pipeline/Pipeline.php(137): Illuminate/Pipeline/Pipeline->Illuminate/Pipeline/{closure}(Object(Illuminate/Http/Request))
#26 D:/SEMESTER 6/KP PUSSIBERAD/SISTEM_baru/vendor/laravel/framework/src/Illuminate/Routing/Router.php(821): Illuminate/Pipeline/Pipeline->then(Object(Closure))
#27 D:/SEMESTER 6/KP PUSSIBERAD/SISTEM_baru/vendor/laravel/framework/src/Illuminate/Routing/Router.php(800): Illuminate/Routing/Router->runRouteWithinStack(Object(Illuminate/Routing/Route), Object(Illuminate/Http/Request))
#28 D:/SEMESTER 6/KP PUSSIBERAD/SISTEM_baru/vendor/laravel/framework/src/Illuminate/Routing/Router.php(764): Illuminate/Routing/Router->runRoute(Object(Illuminate/Http/Request), Object(Illuminate/Routing/Route))
#29 D:/SEMESTER 6/KP PUSSIBERAD/SISTEM_baru/vendor/laravel/framework/src/Illuminate/Routing/Router.php(753): Illuminate/Routing/Router->dispatchToRoute(Object(Illuminate/Http/Request))
#30 D:/SEMESTER 6/KP PUSSIBERAD/SISTEM_baru/vendor/laravel/framework/src/Illuminate/Foundation/Http/Kernel.php(200): Illuminate/Routing/Router->dispatch(Object(Illuminate/Http/Request))
#31 D:/SEMESTER 6/KP PUSSIBERAD/SISTEM_baru/vendor/laravel/framework/src/Illuminate/Pipeline/Pipeline.php(180): Illuminate/Foundation/Http/Kernel->Illuminate/Foundation/Http/{closure}(Object(Illuminate/Http/Request))
#32 D:/SEMESTER 6/KP PUSSIBERAD/SISTEM_baru/vendor/laravel/framework/src/Illuminate/Foundation/Http/Middleware/TransformsRequest.php(21): Illuminate/Pipeline/Pipeline->Illuminate/Pipeline/{closure}(Object(Illuminate/Http/Request))
#33 D:/SEMESTER 6/KP PUSSIBERAD/SISTEM_baru/vendor/laravel/framework/src/Illuminate/Foundation/Http/Middleware/ConvertEmptyStringsToNull.php(31): Illuminate/Foundation/Http/Middleware/TransformsRequest->handle(Object(Illuminate/Http/Request), Object(Closure))
#34 D:/SEMESTER 6/KP PUSSIBERAD/SISTEM_baru/vendor/laravel/framework/src/Illuminate/Pipeline/Pipeline.php(219): Illuminate/Foundation/Http/Middleware/ConvertEmptyStringsToNull->handle(Object(Illuminate/Http/Request), Object(Closure))
#35 D:/SEMESTER 6/KP PUSSIBERAD/SISTEM_baru/vendor/laravel/framework/src/Illuminate/Foundation/Http/Middleware/TransformsRequest.php(21): Illuminate/Pipeline/Pipeline->Illuminate/Pipeline/{closure}(Object(Illuminate/Http/Request))
#36 D:/SEMESTER 6/KP PUSSIBERAD/SISTEM_baru/vendor/laravel/framework/src/Illuminate/Foundation/Http/Middleware/TrimStrings.php(51): Illuminate/Foundation/Http/Middleware/TransformsRequest->handle(Object(Illuminate/Http/Request), Object(Closure))
#37 D:/SEMESTER 6/KP PUSSIBERAD/SISTEM_baru/vendor/laravel/framework/src/Illuminate/Pipeline/Pipeline.php(219): Illuminate/Foundation/Http/Middleware/TrimStrings->handle(Object(Illuminate/Http/Request), Object(Closure))
#38 D:/SEMESTER 6/KP PUSSIBERAD/SISTEM_baru/vendor/laravel/framework/src/Illuminate/Http/Middleware/ValidatePostSize.php(27): Illuminate/Pipeline/Pipeline->Illuminate/Pipeline/{closure}(Object(Illuminate/Http/Request))
#39 D:/SEMESTER 6/KP PUSSIBERAD/SISTEM_baru/vendor/laravel/framework/src/Illuminate/Pipeline/Pipeline.php(219): Illuminate/Http/Middleware/ValidatePostSize->handle(Object(Illuminate/Http/Request), Object(Closure))
#40 D:/SEMESTER 6/KP PUSSIBERAD/SISTEM_baru/vendor/laravel/framework/src/Illuminate/Foundation/Http/Middleware/PreventRequestsDuringMaintenance.php(109): Illuminate/Pipeline/Pipeline->Illuminate/Pipeline/{closure}(Object(Illuminate/Http/Request))
#41 D:/SEMESTER 6/KP PUSSIBERAD/SISTEM_baru/vendor/laravel/framework/src/Illuminate/Pipeline/Pipeline.php(219): Illuminate/Foundation/Http/Middleware/PreventRequestsDuringMaintenance->handle(Object(Illuminate/Http/Request), Object(Closure))
#42 D:/SEMESTER 6/KP PUSSIBERAD/SISTEM_baru/vendor/laravel/framework/src/Illuminate/Http/Middleware/HandleCors.php(61): Illuminate/Pipeline/Pipeline->Illuminate/Pipeline/{closure}(Object(Illuminate/Http/Request))
#43 D:/SEMESTER 6/KP PUSSIBERAD/SISTEM_baru/vendor/laravel/framework/src/Illuminate/Pipeline/Pipeline.php(219): Illuminate/Http/Middleware/HandleCors->handle(Object(Illuminate/Http/Request), Object(Closure))
#44 D:/SEMESTER 6/KP PUSSIBERAD/SISTEM_baru/vendor/laravel/framework/src/Illuminate/Http/Middleware/TrustProxies.php(58): Illuminate/Pipeline/Pipeline->Illuminate/Pipeline/{closure}(Object(Illuminate/Http/Request))
#45 D:/SEMESTER 6/KP PUSSIBERAD/SISTEM_baru/vendor/laravel/framework/src/Illuminate/Pipeline/Pipeline.php(219): Illuminate/Http/Middleware/TrustProxies->handle(Object(Illuminate/Http/Request), Object(Closure))
#46 D:/SEMESTER 6/KP PUSSIBERAD/SISTEM_baru/vendor/laravel/framework/src/Illuminate/Foundation/Http/Middleware/InvokeDeferredCallbacks.php(22): Illuminate/Pipeline/Pipeline->Illuminate/Pipeline/{closure}(Object(Illuminate/Http/Request))
#47 D:/SEMESTER 6/KP PUSSIBERAD/SISTEM_baru/vendor/laravel/framework/src/Illuminate/Pipeline/Pipeline.php(219): Illuminate/Foundation/Http/Middleware/InvokeDeferredCallbacks->handle(Object(Illuminate/Http/Request), Object(Closure))
#48 D:/SEMESTER 6/KP PUSSIBERAD/SISTEM_baru/vendor/laravel/framework/src/Illuminate/Http/Middleware/ValidatePathEncoding.php(26): Illuminate/Pipeline/Pipeline->Illuminate/Pipeline/{closure}(Object(Illuminate/Http/Request))
#49 D:/SEMESTER 6/KP PUSSIBERAD/SISTEM_baru/vendor/laravel/framework/src/Illuminate/Pipeline/Pipeline.php(219): Illuminate/Http/Middleware/ValidatePathEncoding->handle(Object(Illuminate/Http/Request), Object(Closure))
#50 D:/SEMESTER 6/KP PUSSIBERAD/SISTEM_baru/vendor/laravel/framework/src/Illuminate/Pipeline/Pipeline.php(137): Illuminate/Pipeline/Pipeline->Illuminate/Pipeline/{closure}(Object(Illuminate/Http/Request))
#51 D:/SEMESTER 6/KP PUSSIBERAD/SISTEM_baru/vendor/laravel/framework/src/Illuminate/Foundation/Http/Kernel.php(175): Illuminate/Pipeline/Pipeline->then(Object(Closure))
#52 D:/SEMESTER 6/KP PUSSIBERAD/SISTEM_baru/vendor/laravel/framework/src/Illuminate/Foundation/Http/Kernel.php(144): Illuminate/Foundation/Http/Kernel->sendRequestThroughRouter(Object(Illuminate/Http/Request))
#53 D:/SEMESTER 6/KP PUSSIBERAD/SISTEM_baru/vendor/laravel/framework/src/Illuminate/Foundation/Application.php(1220): Illuminate/Foundation/Http/Kernel->handle(Object(Illuminate/Http/Request))
#54 D:/SEMESTER 6/KP PUSSIBERAD/SISTEM_baru/public/index.php(20): Illuminate/Foundation/Application->handleRequest(Object(Illuminate/Http/Request))
#55 D:/SEMESTER 6/KP PUSSIBERAD/SISTEM_baru/vendor/laravel/framework/src/Illuminate/Foundation/resources/server.php(23): require_once('D://SEMESTER 6//K...')
#56 {main}
"} 
